GAMS 37.1.0  r07954d5 Released Nov 11, 2021 WEX-WEI x86 64bit/MS Windows - 12/18/22 19:40:48 Page 1
G e n e r a l   A l g e b r a i c   M o d e l i n g   S y s t e m
C o m p i l a t i o n




COMPILATION TIME     =        0.219 SECONDS     11 MB  37.1.0 r07954d5 WEX-WEI
GAMS 37.1.0  r07954d5 Released Nov 11, 2021 WEX-WEI x86 64bit/MS Windows - 12/18/22 19:40:48 Page 2
G e n e r a l   A l g e b r a i c   M o d e l i n g   S y s t e m
Model Statistics    SOLVE GAMS_MODEL Using MIP From line 56464


MODEL STATISTICS

BLOCKS OF EQUATIONS      12,687     SINGLE EQUATIONS       12,687
BLOCKS OF VARIABLES      11,096     SINGLE VARIABLES       11,096  2,224 projected
NON ZERO ELEMENTS        51,617     DISCRETE VARIABLES        467


GENERATION TIME      =        0.094 SECONDS     18 MB  37.1.0 r07954d5 WEX-WEI
GAMS 37.1.0  r07954d5 Released Nov 11, 2021 WEX-WEI x86 64bit/MS Windows - 12/18/22 19:40:48 Page 3
G e n e r a l   A l g e b r a i c   M o d e l i n g   S y s t e m
Solution Report     SOLVE GAMS_MODEL Using MIP From line 56464


               S O L V E      S U M M A R Y

     MODEL   GAMS_MODEL          OBJECTIVE  GAMS_OBJECTIVE
     TYPE    MIP                 DIRECTION  MINIMIZE
     SOLVER  CPLEX               FROM LINE  56464

**** SOLVER STATUS     1 Normal Completion
**** MODEL STATUS      10 Integer Infeasible
**** OBJECTIVE VALUE               NA

 RESOURCE USAGE, LIMIT          0.046    359978.914
 ITERATION COUNT, LIMIT         0    2147483647
--- GAMS/Cplex Link licensed for continuous and discrete problems.
--- GMO setup time: 0.00s
--- Space for names approximately 1.21 Mb
--- Use option 'names no' to turn use of names off
--- GMO memory 5.22 Mb (peak 5.30 Mb)
--- Dictionary memory 0.00 Mb
--- Cplex 20.1.0.1 link memory 0.36 Mb (peak 2.40 Mb)
--- Starting Cplex


--- MIP status (119): integer infeasible or unbounded.
--- Cplex Time: 0.01sec (det. 4.90 ticks)

--- Problem is integer infeasible

No solution returned
GAMS 37.1.0  r07954d5 Released Nov 11, 2021 WEX-WEI x86 64bit/MS Windows - 12/18/22 19:40:48 Page 4
G e n e r a l   A l g e b r a i c   M o d e l i n g   S y s t e m
E x e c u t i o n


EXECUTION TIME       =        0.172 SECONDS     18 MB  37.1.0 r07954d5 WEX-WEI


USER: Eval License                                   G210401|0002AS-GEN
      Carnegie Mellon University, Dept. of Chemical Engineering  DCE375
      License for teaching and research at degree granting institutions


**** FILE SUMMARY

Input      C:\Users\dlinanro\Desktop\GeneralBenders\functions\gamsfiles\model.gms
Output     C:\Users\dlinanro\Desktop\GeneralBenders\functions\gamsfiles\output.lst
