GAMS 41.5.0  2a5a4ddc Jan 3, 2023           WEX-WEI x86 64bit/MS Windows - 02/20/23 10:37:22 Page 1
G e n e r a l   A l g e b r a i c   M o d e l i n g   S y s t e m
C o m p i l a t i o n




COMPILATION TIME     =        0.328 SECONDS     17 MB  41.5.0 2a5a4ddc WEX-WEI
GAMS 41.5.0  2a5a4ddc Jan 3, 2023           WEX-WEI x86 64bit/MS Windows - 02/20/23 10:37:22 Page 2
G e n e r a l   A l g e b r a i c   M o d e l i n g   S y s t e m
Range Statistics    SOLVE GAMS_MODEL Using MIP From line 79505


RANGE STATISTICS (ABSOLUTE NON-ZERO FINITE VALUES)

RHS       [min, max] : [ 9.000E-01, 1.200E+04] - Zero values observed as well
Bound     [min, max] : [ 1.000E-01, 5.700E+01] - Zero values observed as well
Matrix    [min, max] : [ 1.000E-02, 1.400E+03]

GAMS 41.5.0  2a5a4ddc Jan 3, 2023           WEX-WEI x86 64bit/MS Windows - 02/20/23 10:37:22 Page 3
G e n e r a l   A l g e b r a i c   M o d e l i n g   S y s t e m
Model Statistics    SOLVE GAMS_MODEL Using MIP From line 79505


MODEL STATISTICS

BLOCKS OF EQUATIONS      19,613     SINGLE EQUATIONS       19,613
BLOCKS OF VARIABLES      13,666     SINGLE VARIABLES       13,666  6 projected
NON ZERO ELEMENTS        60,022     DISCRETE VARIABLES        622


GENERATION TIME      =        0.094 SECONDS     26 MB  41.5.0 2a5a4ddc WEX-WEI
GAMS 41.5.0  2a5a4ddc Jan 3, 2023           WEX-WEI x86 64bit/MS Windows - 02/20/23 10:37:22 Page 4
G e n e r a l   A l g e b r a i c   M o d e l i n g   S y s t e m
Solution Report     SOLVE GAMS_MODEL Using MIP From line 79505


               S O L V E      S U M M A R Y

     MODEL   GAMS_MODEL          OBJECTIVE  GAMS_OBJECTIVE
     TYPE    MIP                 DIRECTION  MINIMIZE
     SOLVER  CPLEX               FROM LINE  79505

**** SOLVER STATUS     1 Normal Completion
**** MODEL STATUS      8 Integer Solution
**** OBJECTIVE VALUE              -63.3000

 RESOURCE USAGE, LIMIT          5.453   3600000.000
 ITERATION COUNT, LIMIT     13347    2147483647
--- GAMS/Cplex Link licensed for continuous and discrete problems.
--- GMO setup time: 0.00s
--- Space for names approximately 1.89 Mb
--- Use option 'names no' to turn use of names off
--- GMO memory 6.79 Mb (peak 6.89 Mb)
--- Dictionary memory 0.00 Mb
--- Cplex 22.1.0.0 link memory 0.49 Mb (peak 3.36 Mb)
--- Starting Cplex


--- MIP status (102): integer optimal, tolerance.
--- Cplex Time: 5.42sec (det. 6193.44 ticks)

--- Fixing integer variables and solving final LP...


--- Fixed MIP status (1): optimal.
--- Cplex Time: 0.02sec (det. 19.84 ticks)


Solution satisfies tolerances
MIP Solution:          -63.300000    (13347 iterations, 50 nodes)
Final Solve:           -63.300000    (24 iterations)

Best possible:         -65.411765
Absolute gap:            2.111765
Relative gap:            0.032284



**** REPORT SUMMARY :        0     NONOPT
                             0 INFEASIBLE
                             0  UNBOUNDED
GAMS 41.5.0  2a5a4ddc Jan 3, 2023           WEX-WEI x86 64bit/MS Windows - 02/20/23 10:37:22 Page 5
G e n e r a l   A l g e b r a i c   M o d e l i n g   S y s t e m
E x e c u t i o n


**** REPORT FILE SUMMARY

results C:\Users\dlinanro\Desktop\GeneralBenders\functions\gamsfiles\results.dat
statresults C:\Users\dlinanro\Desktop\GeneralBenders\functions\gamsfiles\resultsstat.dat


EXECUTION TIME       =        5.781 SECONDS     26 MB  41.5.0 2a5a4ddc WEX-WEI


USER: Prof. Ignacio E. Grossmann                     G221207|0002AS-GEN
      Carnegie Mellon University, Dept. of Chemical Engineering  DCE375
      License for teaching and research at degree granting institutions


**** FILE SUMMARY

Input      C:\Users\dlinanro\Desktop\GeneralBenders\functions\gamsfiles\model.gms
Output     C:\Users\dlinanro\Desktop\GeneralBenders\functions\gamsfiles\output.lst
