GAMS 34.3.0  rac355f3 Released Feb 25, 2021 LEX-LEG x86 64bit/Linux - 10/25/22 21:09:24 Page 1
G e n e r a l   A l g e b r a i c   M o d e l i n g   S y s t e m
C o m p i l a t i o n




COMPILATION TIME     =        0.137 SECONDS      6 MB  34.3.0 rac355f3 LEX-LEG
GAMS 34.3.0  rac355f3 Released Feb 25, 2021 LEX-LEG x86 64bit/Linux - 10/25/22 21:09:24 Page 2
G e n e r a l   A l g e b r a i c   M o d e l i n g   S y s t e m
Model Statistics    SOLVE GAMS_MODEL Using MINLP From line 19509


MODEL STATISTICS

BLOCKS OF EQUATIONS       5,027     SINGLE EQUATIONS        5,027
BLOCKS OF VARIABLES       4,874     SINGLE VARIABLES        4,874  1,470 projected
NON ZERO ELEMENTS        21,181     NON LINEAR N-Z          6,120
CODE LENGTH              24,840     CONSTANT POOL              42     DISCRETE VARIABLES        160


GENERATION TIME      =        0.066 SECONDS      9 MB  34.3.0 rac355f3 LEX-LEG
GAMS 34.3.0  rac355f3 Released Feb 25, 2021 LEX-LEG x86 64bit/Linux - 10/25/22 21:09:24 Page 3
G e n e r a l   A l g e b r a i c   M o d e l i n g   S y s t e m
Solution Report     SOLVE GAMS_MODEL Using MINLP From line 19509


               S O L V E      S U M M A R Y

     MODEL   GAMS_MODEL          OBJECTIVE  GAMS_OBJECTIVE
     TYPE    MINLP               DIRECTION  MINIMIZE
     SOLVER  DICOPT              FROM LINE  19509

**** SOLVER STATUS     1 Normal Completion         
**** MODEL STATUS      8 Integer Solution          
**** OBJECTIVE VALUE              310.0000

 RESOURCE USAGE, LIMIT          3.156 10000000000.000
 ITERATION COUNT, LIMIT        94    2147483647
 EVALUATION ERRORS              0             0
-------------------------------------------------------------------------------
Dicopt 2         34.3.0 rac355f3 Released Feb 25, 2021 LEG x86 64bit/Linux    
-------------------------------------------------------------------------------
by Aldo Vecchietti, Director del Instituto INGAR,
   CONICET, UTN, Santa Fe, Argentina
by Ignacio E. Grossmann, Chemical Engineering Faculty,
   Carnegie Mellon University, Pittsburgh, PA, USA
-------------------------------------------------------------------------------
Reading parameter(s) from "/home/dadapy/GeneralBenders/scheduling_and_control/gamsfiles/dicopt.opt"
>> 
>>  stop 1
Finished reading from "/home/dadapy/GeneralBenders/scheduling_and_control/gamsfiles/dicopt.opt"
 
 
    C O N O P T   version 4.24
    Copyright (C) ARKI Consulting and Development A/S
                  Bagsvaerdvej 246 A
                  DK-2880 Bagsvaerd, Denmark
 
 
    The user model has 5027 constraints and 4874 variables
    with 21181 Jacobian elements, 6120 of which are nonlinear.
    The Hessian of the Lagrangian has 366 elements on the diagonal,
    2520 elements below the diagonal, and 2166 nonlinear variables.
 
    The pre-triangular part of the model has 283 constraints and 215 variables.
    The post-triangular part of the model has 86 constraints and variables.
    There are 2425 definitional constraints and defined variables.
 
    Preprocessed model has 2233 constraints and 2148 variables
    with 13652 Jacobian elements, 5936 of which are nonlinear.
 
 ** Optimal solution. There are no superbasic variables.
 
 ** Scaled model is feasible, but some unscaled residuals are large due
    due to large scale factors.
    Largest unscaled residual is 2.50E-04 based on scale factor 4.10E+03.
 
 
 CONOPT time Total                            1.688 seconds
   of which: Function evaluations             0.252 = 14.9%
             1st Derivative evaluations       0.049 =  2.9%
             2nd Derivative evaluations       0.000 =  0.0%
             Interval derivative evals        0.017 =  1.0%
 
--- GAMS/Cplex Link licensed for continuous and discrete problems.
--- Space for names approximately 0.50 Mb
--- Use option 'names no' to turn use of names off
--- GMO memory 3.06 Mb (peak 3.12 Mb)
--- Dictionary memory 0.00 Mb
--- Cplex 20.1.0.0 link memory 0.22 Mb (peak 1.21 Mb)
--- Starting Cplex


--- MIP status (101): integer optimal solution.
--- Cplex Time: 0.03sec (det. 14.99 ticks)

--- Fixing integer variables and solving final LP...


--- Fixed MIP status (1): optimal.
--- Cplex Time: 0.01sec (det. 6.26 ticks)


Proven optimal solution
MIP Solution:          310.000000    (16 iterations, 0 nodes)
Final Solve:           310.000000    (0 iterations)

Best possible:         310.000000
Absolute gap:            0.000000
Relative gap:            0.000000

--- DICOPT: Setting up next NLP
 
 
    C O N O P T   version 4.24
    Copyright (C) ARKI Consulting and Development A/S
                  Bagsvaerdvej 246 A
                  DK-2880 Bagsvaerd, Denmark
 
 
    The user model has 5027 constraints and 4874 variables
    with 21181 Jacobian elements, 6120 of which are nonlinear.
    The Hessian of the Lagrangian has 366 elements on the diagonal,
    2520 elements below the diagonal, and 2166 nonlinear variables.
 
    The pre-triangular part of the model has 689 constraints and 425 variables.
    The post-triangular part of the model has 129 constraints and variables.
    There are 2406 definitional constraints and defined variables.
 
    Preprocessed model has 1803 constraints and 1914 variables
    with 12269 Jacobian elements, 5969 of which are nonlinear.
 
 ** Optimal solution. There are no superbasic variables.
 
 ** Scaled model is feasible, but some unscaled residuals are large due
    due to large scale factors.
    Largest unscaled residual is 3.69E-04 based on scale factor 8.19E+03.
 
 
 CONOPT time Total                            1.390 seconds
   of which: Function evaluations             0.250 = 18.0%
             1st Derivative evaluations       0.058 =  4.2%
             2nd Derivative evaluations       0.000 =  0.0%
             Interval derivative evals        0.008 =  0.6%
 
--- DICOPT: Stopped on crossover

      The search was stopped because a crossover occurred.
      The bound provided by the MIP master problem exceeds or
      is within optcr of the objective value of the incumbent.

--- DICOPT: Best integer solution found: 310.000000


**** REPORT SUMMARY :        0     NONOPT
                             0 INFEASIBLE
                             0  UNBOUNDED
                             0     ERRORS
                            50  PROJECTED
GAMS 34.3.0  rac355f3 Released Feb 25, 2021 LEX-LEG x86 64bit/Linux - 10/25/22 21:09:24 Page 4
G e n e r a l   A l g e b r a i c   M o d e l i n g   S y s t e m
E x e c u t i o n


**** REPORT FILE SUMMARY

results /home/dadapy/GeneralBenders/scheduling_and_control/gamsfiles/results.dat
statresults /home/dadapy/GeneralBenders/scheduling_and_control/gamsfiles/resultsstat.dat


EXECUTION TIME       =        3.327 SECONDS      9 MB  34.3.0 rac355f3 LEX-LEG


USER: Eval License                                   G210401|0002AS-GEN
      Carnegie Mellon University, Dept. of Chemical Engineering  DCE375
      License for teaching and research at degree granting institutions


**** FILE SUMMARY

Input      /home/dadapy/GeneralBenders/scheduling_and_control/gamsfiles/model.gms
Output     /home/dadapy/GeneralBenders/scheduling_and_control/gamsfiles/output.lst
